{
  "Link": "https://github.com/octocat/Hello-World/milestones/v1.0",
  "ID": 1002604,
  "Number": 1,
  "State": "open",
  "Title": "v1.0",
  "Description": "Tracking milestone for version 1.0",
  "DueDate": "2012-10-09T23:39:01Z"
}
