[
    {
        "Path": "/testfile",
        "Added": false,
        "Renamed": false,
        "Deleted": false,
        "BlobID": ""
    }
]
