{
  "bool": false,
  "num": 456,
  "str": "input-str"
}