{
  "list_object_with_default_and_nest_object": []
}