{
    "Name": "main",
    "Path": "refs/heads/main",
    "Sha": "1d640265d8bdd818175fa736f0fcbad2c9b716c9"
}