[
    {
        "Sha": "1d640265d8bdd818175fa736f0fcbad2c9b716c9",
        "Message": "delete README.2\n\ndelete README.2",
        "Author": {
            "Name": "thomas.honey",
            "Email": "thomas.honey@harness.io",
            "Date": "2023-02-08T16:17:50Z",
            "Login": "",
            "Avatar": ""
        },
        "Committer": {
            "Name": "Harness",
            "Email": "noreply@harness.io",
            "Date": "2023-02-08T16:17:50Z",
            "Login": "",
            "Avatar": ""
        },
        "Link": ""
    }
]