[
  {
    "Path": ".gitignore", 
    "Sha": "f8de11b6f3e4499889e16b989977c66c84ad02c9", 
    "BlobID": "41fdf994e79e42bd4136c7e3004367f6d21d800d",
    "kind": "file"
  },
  {
    "Path": "LICENSE", 
    "Sha": "a2a1bb3664f096e69f4b15b80f4650cc9f8ae913", 
    "BlobID": "261eeb9e9f8b2b4b0d119366dda99c6fd7d35c64",
    "kind": "file"
  }
]
