{
    "ID": "0Nnoezs6RGa_fOWvG_Ta4w",
    "Login": "thomas.honey@harness.io",
    "Name": "thomas.honey",
    "Email": "thomas.honey@harness.io",
    "Avatar": ""
}