{
  "object_with_attr_default": {
    "age": 20,
    "name": "Bob"
  },
  "object_with_default": {
    "age": 20,
    "name": "Amy"
  },
  "object_with_default_and_nest_object": {
    "age": 20,
    "email": {
      "address": "Mia",
      "domain": "Mia.com"
    },
    "name": "Amy"
  },
  "object_with_default_and_nest_object2": {
    "age": 20,
    "email": {
      "address": "amy",
      "domain": "test.com"
    },
    "name": "Amy"
  },
  "object_with_default_and_nest_object3": {
    "age": 20,
    "email": {
      "address": "amy",
      "domain": "nest.com"
    },
    "name": "Amy"
  },
  "object_with_empty_default_and_nest_object": {
    "email": {
      "address": "amy",
        "domain": "attr.com"
    },
    "name": "Mia"
  },
  "object_with_empty_default_and_nest_object_default": {
    "age": 22,
    "email": {
      "address": "nest",
      "domain": "nest.com"
    },
    "name": "Mia"
  }
}